// Jest Snapshot v1, https://goo.gl/fbAQLP

exports[`Prueba en LoginScreen Foto del componente 1`] = `
<div>
  <h1>
    LoginScreen
  </h1>
  <button
    className="btn btn-success"
    onClick={[Function]}
  >
    Iniciar Sesi√≥n
  </button>
</div>
`;
