// Jest Snapshot v1, https://goo.gl/fbAQLP

exports[`pruebas al componente TodoListItem Foto del componente 1`] = `
<li
  className="list-group-item d-flex justify-content-between align-items-center mb-1"
>
  <input
    checked={false}
    onChange={[Function]}
    type="checkbox"
  />
  <span>
    1
    . 
    Aprender React
  </span>
  <button
    className="btn btn-danger"
    onClick={[Function]}
  >
    Eliminar
  </button>
</li>
`;
